// Jest Snapshot v1, https://goo.gl/fbAQLP

exports[`renders correctly 1`] = `
<View
  style={
    Object {
      "alignItems": "center",
      "height": 1334,
      "justifyContent": "center",
      "position": "absolute",
      "width": 750,
    }
  }
>
  <View
    style={
      Object {
        "backgroundColor": "#000000",
        "bottom": 0,
        "left": 0,
        "opacity": 0.5,
        "position": "absolute",
        "right": 0,
        "top": 0,
      }
    }
  />
  <ActivityIndicator
    color="#FFFFFF"
  />
</View>
`;
